// Jest Snapshot v1, https://goo.gl/fbAQLP

exports[`about part renders correctly 1`] = `
<div
  id="about"
>
  <div
    className="container"
  >
    <div
      className="row"
    >
      <div
        className="col-xs-12 col-md-6"
      >
         
        <img
          alt=""
          className="img-responsive"
          src="img/about.jpg"
        />
         
      </div>
      <div
        className="col-xs-12 col-md-6"
      >
        <div
          className="about-text"
        >
          <h2>
            About Us
          </h2>
          <p>
            Everything we do, we believe data through technology reveals the hidden truth of the world. We believe in challenging the status quo. We believe in thinking differently.
          </p>
          <h3>
            The way we challenge the status qu is by making our products
          </h3>
          <div
            className="list-style"
          >
            <div
              className="col-lg-6 col-sm-6 col-xs-12"
            >
              <ul>
                <li>
                  beautifully designed
                </li>
                <li>
                  simple to use
                </li>
              </ul>
            </div>
            <div
              className="col-lg-6 col-sm-6 col-xs-12"
            >
              <ul>
                <li>
                  user friendly
                </li>
              </ul>
            </div>
          </div>
        </div>
      </div>
    </div>
  </div>
</div>
`;
