// Jest Snapshot v1, https://goo.gl/fbAQLP

exports[`footer part renders correctly 1`] = `
<div>
  <div
    id="contact"
  >
    <div
      className="container"
    >
      <div
        className="col-md-3 col-md-offset-1 contact-info"
      >
        <div
          className="contact-item"
        >
          <h3>
            Contact
          </h3>
          <p>
            <span>
              <i
                className="fa fa-map-marker"
              />
            </span>
            Nanshan District, 5001th Huanggang Rd, WeWork Shenyeshangcheng LOFT Building B, 6th floor, Shenzhen, China, 518000
          </p>
        </div>
        <div
          className="contact-item"
        >
          <p>
            <span>
              <i
                className="fa fa-phone"
              />
            </span>
             
            13923433392
          </p>
        </div>
        <div
          className="contact-item"
        >
          <p>
            <span>
              <i
                className="fa fa-envelope-o"
              />
            </span>
             
            jack20191124@paion-data.dev
          </p>
        </div>
      </div>
      <div
        className="col-md-12"
      >
        <div
          className="row"
        >
          <div
            className="social"
          >
            <ul>
              <li>
                <a
                  href="https://github.com/paion-data"
                >
                  <i
                    className="fa fa-github"
                  />
                </a>
              </li>
            </ul>
          </div>
        </div>
      </div>
    </div>
  </div>
  <div
    id="footer"
  >
    <div
      className="container text-center"
    >
      <p>
        Â© 2023 Paion Data.
      </p>
    </div>
  </div>
</div>
`;
