// Jest Snapshot v1, https://goo.gl/fbAQLP

exports[`header part renders correctly 1`] = `
<header
  id="header"
>
  <div
    className="intro"
  >
    <div
      className="overlay"
    >
      <div
        className="container"
      >
        <div
          className="row"
        >
          <div
            className="col-md-8 col-md-offset-2 intro-text"
          >
            <h1>
              External Brain
              <span />
            </h1>
            <p>
              A completely new way for personal knowledge management for young ages
            </p>
            <a
              className="btn btn-custom btn-lg page-scroll"
              href="#about"
            >
              Learn More
            </a>
             
          </div>
        </div>
      </div>
    </div>
  </div>
</header>
`;
