// Jest Snapshot v1, https://goo.gl/fbAQLP

exports[`services part renders correctly 1`] = `
<div
  className="text-center"
  id="services"
>
  <div
    className="container"
  >
    <div
      className="section-title"
    >
      <h2>
        Highlights
      </h2>
      <p>
        Paion Data's External Brain is a hightlyl automated Knowledge Management Tool
      </p>
    </div>
    <div
      className="row"
    >
      <div
        className="col-md-4"
      >
         
        <i
          className="fa fa-github"
        />
        <div
          className="hightlight-desc"
        >
          <h3>
            Free & Open Source
          </h3>
          <p>
            Most External Brain features are free and will always be free in the future.
          </p>
        </div>
      </div>
      <div
        className="col-md-4"
      >
         
        <i
          className="fa fa-heart"
        />
        <div
          className="hightlight-desc"
        >
          <h3>
            Machine Learning
          </h3>
          <p>
            We revolutionize the personal management by baking Machine Learning as our knowledge management assistant.
          </p>
        </div>
      </div>
      <div
        className="col-md-4"
      >
         
        <i
          className="fa fa-cloud"
        />
        <div
          className="hightlight-desc"
        >
          <h3>
            Cloud Native
          </h3>
          <p>
            You can host your own External Brain instance on your own infrastructure or simply use our service online. Register today to start a new knowledge journey!
          </p>
        </div>
      </div>
    </div>
  </div>
</div>
`;
