// Jest Snapshot v1, https://goo.gl/fbAQLP

exports[`team part renders correctly 1`] = `
<div
  className="text-center"
  id="team"
>
  <div
    className="container"
  >
    <div
      className="col-md-8 col-md-offset-2 section-title"
    >
      <h2>
        Team
      </h2>
      <p>
        <em>
          May you, the beauty of this world, always shine
        </em>
      </p>
    </div>
    <div
      id="row"
    >
      <div
        className="col-md-4 col-sm-6 team"
      >
        <div
          className="thumbnail"
        >
           
          <img
            alt="Member 1"
            className="team-img"
            src="img/team/ceo.png"
          />
          <div
            className="caption"
          >
            <h4>
              Jack
            </h4>
            <p>
              CEO / Backend Developer / Machine Learning
            </p>
          </div>
        </div>
      </div>
      <div
        className="col-md-4 col-sm-6 team"
      >
        <div
          className="thumbnail"
        >
           
          <img
            alt="Member 2"
            className="team-img"
            src="img/team/investor.png"
          />
          <div
            className="caption"
          >
            <h4>
              Shenggao
            </h4>
            <p>
              Angel Investor
            </p>
          </div>
        </div>
      </div>
      <div
        className="col-md-4 col-sm-6 team"
      >
        <div
          className="thumbnail"
        >
           
          <img
            alt="Member 3"
            className="team-img"
            src="img/team/Minghui.png"
          />
          <div
            className="caption"
          >
            <h4>
              Minghui
            </h4>
            <p>
              Frontend Developer
            </p>
          </div>
        </div>
      </div>
    </div>
  </div>
</div>
`;
