// Jest Snapshot v1, https://goo.gl/fbAQLP

exports[`image part renders correctly 1`] = `
<div
  className="portfolio-item"
>
  <div
    className="hover-bg"
  >
     
    <a
      data-lightbox-gallery="gallery1"
    >
      <div
        className="hover-text"
      >
        <h4 />
      </div>
      <img
        className="img-responsive"
      />
       
    </a>
     
  </div>
</div>
`;
