// Jest Snapshot v1, https://goo.gl/fbAQLP

exports[`navigation part renders correctly 1`] = `
<nav
  className="navbar navbar-default navbar-fixed-top"
  id="menu"
>
  <div
    className="container"
  >
    <div
      className="navbar-header"
    >
      <button
        className="navbar-toggle collapsed"
        data-target="#bs-example-navbar-collapse-1"
        data-toggle="collapse"
        type="button"
      >
         
        <span
          className="sr-only"
        >
          Toggle navigation
        </span>
         
        <span
          className="icon-bar"
        />
         
        <span
          className="icon-bar"
        />
         
        <span
          className="icon-bar"
        />
         
      </button>
      <a
        className="navbar-brand page-scroll"
        href="#page-top"
      >
        Paion Data
      </a>
       
    </div>
    <div
      className="collapse navbar-collapse"
      id="bs-example-navbar-collapse-1"
    >
      <ul
        className="nav navbar-nav navbar-right"
      >
        <li>
          <a
            className="page-scroll"
            href="#about"
          >
            About Us
          </a>
        </li>
        <li>
          <a
            className="page-scroll"
            href="#services"
          >
            Highlights
          </a>
        </li>
        <li>
          <a
            className="page-scroll"
            href="#team"
          >
            Team
          </a>
        </li>
        <li>
          <a
            className="page-scroll"
            href="#contact"
          >
            Contact
          </a>
        </li>
      </ul>
    </div>
  </div>
</nav>
`;
